C:\Users\Ganyu\Documents\英语论文\_work\epsr_industrial_carbon_20260908\scripts\benchmark_clusters_v38.py:55: OptimizeWarning: Unrecognized options detected: {'threads': 1}. These will be passed to HiGHS verbatim.
  lp=linprog([0.]*self.groups+[1.],A_ub=matrix,b_ub=-a,bounds=[(0.,1.)]*self.groups+[(0.,None)],method='highs',options={'threads':1})
INITIAL_POLISH {'sweeps': 3, 'elapsed_s': 0.2474594000086654, 'upper': 104.72629293360961}
LP_SEED {'values': array([ 45.33668987,  46.23010363,  31.14414274,  16.50480708,
        46.16911359,  47.06252735,  75.06198643,  16.50480708,
        46.23010363,  46.23010363,  60.36166072,   3.14468366,
        30.31171902,  31.14414274,  75.06198643,  30.25072897,
        46.23010363,  15.61139332,  46.23010363,   1.41884618,
        60.86943929,  16.44381703,  30.25072897,  47.06252735,
        15.67238336,  31.52977793,  16.50480708, 104.72629293,
        31.59076798,  16.56579713,  46.16911359,  60.36166072,
        61.25507449,  31.59076798,  61.25507449,  75.06198643,
         0.93108653,  30.31171902,  59.91503548,  30.25072897]), 'cheap_metric_bounds': array([ 45.33668987,  46.23010363,  31.14414274,  16.50480708,
        46.16911359,  47.06252735,  75.06198643,  16.50480708,
        46.23010363,  46.23010363,  60.36166072,   3.14468366,
        30.31171902,  31.14414274,  75.06198643,  30.25072897,
        46.23010363,  15.61139332,  46.23010363,   1.41884618,
        60.86943929,  16.44381703,  30.25072897,  47.06252735,
        15.67238336,  31.52977793,  16.50480708, 104.72629293,
        31.59076798,  16.56579713,  46.16911359,  60.36166072,
        61.25507449,  31.59076798,  61.25507449,  75.06198643,
         0.93108653,  30.31171902,  59.91503548,  30.25072897]), 'lp_scenarios': [], 'selected': 27, 'elapsed_s': 0.0026208000199403614}
FORMAL_RESULT {'status': 'optimal', 'objective': 104.72629293360961, 'bound': 104.72629293360941, 'all_scenario_witness_upper': 104.72629293360961, 'date': '2020-10-17', 'regions': 4, 'parks': 24, 'scenarios': 40, 'method': 'reuse', 'elapsed_s': 0.595386500004679, 'MILP_calls': 0, 'LP_calls': 95, 'cache_hits': 40, 'initial_polish': {'sweeps': 3, 'elapsed_s': 0.2474594000086654, 'upper': 104.72629293360961}, 'cells': 38480, 'implementation': 'v39c proposed: adaptive valid lower bounds, candidate primal initialization and feasible MIP start', 'implementation_hashes': {'benchmark_candidate_v39.py': '3642c50b4da09413556d7a56533686bc1fcacb6c88bf3d57732a37b3d7ed0ace', 'benchmark_warm_v39.py': '737bfca9046ff26fe92fc7426cd2ecebd56f1e418d10ba68f5ad4738568593c1', 'highs_start_v39.py': '6bad6108c09c0f25a48a2777646736fc790cad4cbf2cc65a8802670103da8b9f'}}
