C:\Users\Ganyu\Documents\英语论文\_work\epsr_industrial_carbon_20260908\scripts\benchmark_clusters_v38.py:55: OptimizeWarning: Unrecognized options detected: {'threads': 1}. These will be passed to HiGHS verbatim.
  lp=linprog([0.]*self.groups+[1.],A_ub=matrix,b_ub=-a,bounds=[(0.,1.)]*self.groups+[(0.,None)],method='highs',options={'threads':1})
INITIAL_POLISH {'sweeps': 4, 'elapsed_s': 0.116719000012381, 'upper': 1.001420106516236}
LP_SEED {'values': array([0.99233094, 0.98640317, 0.97573463, 0.98735234, 0.991893  ,
       0.98612045, 0.99145205, 0.98734777, 0.98640317, 0.98640317]), 'cheap_metric_bounds': array([0.99084568, 0.98491715, 0.96477173, 0.98579615, 0.9829276 ,
       0.97699908, 0.98996668, 0.98579615, 0.98491715, 0.98491715]), 'lp_scenarios': [0, 6, 7, 3, 8, 9, 1, 4, 5, 2], 'selected': 0, 'elapsed_s': 3.1196411999990232}
SOLVE 2020-04-07 4 reuse True {'scenarios': [0, 1, 2, 3, 4, 5, 6, 7, 8, 9], 'fixed_quota': False, 'status': 'optimal', 'value': 0.9940097495577551, 'bound': 0.9940097495577551, 'seconds': 1.7606560999993235, 'binaries': 321, 'max_constraint_violation': 0.0, 'mip_nodes': 5, 'primal_start': {'supplied': False}}
PRIMAL_CANDIDATE {'upper': 0.9940097495577551, 'elapsed_s': 1.8449712000146974, 'cells': 321}
C:\Users\Ganyu\Documents\英语论文\_work\epsr_industrial_carbon_20260908\scripts\benchmark_warm_v39.py:15: OptimizeWarning: Unrecognized options detected: {'threads': 1}. These will be passed to HiGHS verbatim.
  lp=linprog([0.]*self.groups+[1.],A_ub=np.column_stack([np.array(diff).T,-np.ones(3)]),b_ub=-constant,
SOLVE 2020-04-07 4 reuse True {'scenarios': [0], 'fixed_quota': False, 'status': 'optimal', 'value': 0.9924566817129227, 'bound': 0.9924566817129227, 'seconds': 1.2439976000168826, 'binaries': 1620, 'max_constraint_violation': 5.748179709996748e-14, 'mip_nodes': 1, 'primal_start': {'supplied': True, 'max_constraint_violation': 2.710505431213761e-20, 'objective': 0.9940097496577551}}
SOLVE 2020-04-07 4 reuse True {'scenarios': [0, 1, 2, 3], 'fixed_quota': False, 'status': 'optimal', 'value': 0.9924566817129227, 'bound': 0.9924566817129227, 'seconds': 12.246237700019265, 'binaries': 8961, 'max_constraint_violation': 1.1102230246251565e-16, 'mip_nodes': 1, 'primal_start': {'supplied': True, 'max_constraint_violation': 2.710505431213761e-20, 'objective': 0.9940097496577551}}
SOLVE 2020-04-07 4 reuse True {'scenarios': [8], 'fixed_quota': True, 'status': 'optimal', 'value': 12.714119100407409, 'bound': 12.714119100407409, 'seconds': 0.2888412000029348, 'binaries': 1107, 'max_constraint_violation': 0.0, 'mip_nodes': 1, 'primal_start': {'supplied': False}}
C:\Users\Ganyu\Documents\英语论文\_work\epsr_industrial_carbon_20260908\tmp\evidence_runtime\numpy\_core\fromnumeric.py:83: RuntimeWarning: invalid value encountered in reduce
  return ufunc.reduce(obj, axis, dtype, out, **passkwargs)
SOLVE 2020-04-07 4 reuse True {'scenarios': [0, 1, 2, 3, 8], 'fixed_quota': False, 'status': 'optimal', 'value': 0.9924566817129227, 'bound': 0.9924566817129227, 'seconds': 12.877494099986507, 'binaries': 11347, 'max_constraint_violation': 1.1102230246251565e-16, 'mip_nodes': 1, 'primal_start': {'supplied': True, 'max_constraint_violation': 2.710505431213761e-20, 'objective': 0.9940097496577551}}
SOLVE 2020-04-07 4 reuse True {'scenarios': [4], 'fixed_quota': True, 'status': 'optimal', 'value': 0.9928829447730928, 'bound': 0.9928829447730928, 'seconds': 5.9625814000028186, 'binaries': 1506, 'max_constraint_violation': 9.103828801926284e-15, 'mip_nodes': 1, 'primal_start': {'supplied': False}}
SOLVE 2020-04-07 4 reuse True {'scenarios': [0, 1, 2, 3, 8, 4], 'fixed_quota': False, 'status': 'optimal', 'value': 0.9927410005511648, 'bound': 0.9927410005511648, 'seconds': 34.84466129998327, 'binaries': 13646, 'max_constraint_violation': 2.220446049250313e-16, 'mip_nodes': 69, 'primal_start': {'supplied': True, 'max_constraint_violation': 2.710505431213761e-20, 'objective': 0.9928829448730971}}
SOLVE 2020-04-07 4 reuse True {'scenarios': [6], 'fixed_quota': True, 'status': 'optimal', 'value': 0.9943793447143997, 'bound': 0.9943793447143997, 'seconds': 0.24543209999683313, 'binaries': 407, 'max_constraint_violation': 1.1102230246251565e-16, 'mip_nodes': 1, 'primal_start': {'supplied': False}}
SOLVE 2020-04-07 4 reuse True {'scenarios': [0, 1, 2, 3, 8, 4, 6], 'fixed_quota': False, 'status': 'optimal', 'value': 0.992743275935256, 'bound': 0.992743275935256, 'seconds': 43.721220800012816, 'binaries': 15303, 'max_constraint_violation': 1.2212453270876722e-15, 'mip_nodes': 59, 'primal_start': {'supplied': True, 'max_constraint_violation': 2.710505431213761e-20, 'objective': 0.9928829448730971}}
FORMAL_RESULT {'status': 'optimal', 'objective': 0.992743275935256, 'bound': 0.992743275935256, 'all_scenario_witness_upper': 0.992743275935256, 'date': '2020-04-07', 'regions': 4, 'parks': 24, 'scenarios': 10, 'method': 'reuse', 'elapsed_s': 116.9671040000103, 'MILP_calls': 9, 'LP_calls': 137, 'cache_hits': 197, 'initial_polish': {'sweeps': 4, 'elapsed_s': 0.116719000012381, 'upper': 1.001420106516236, 'candidate_master': {'upper': 0.9940097495577551, 'elapsed_s': 1.8449712000146974, 'cells': 321}}, 'cells': 23103, 'implementation': 'v39c proposed: adaptive valid lower bounds, candidate primal initialization and feasible MIP start', 'implementation_hashes': {'benchmark_candidate_v39.py': '3642c50b4da09413556d7a56533686bc1fcacb6c88bf3d57732a37b3d7ed0ace', 'benchmark_warm_v39.py': '737bfca9046ff26fe92fc7426cd2ecebd56f1e418d10ba68f5ad4738568593c1', 'highs_start_v39.py': '6bad6108c09c0f25a48a2777646736fc790cad4cbf2cc65a8802670103da8b9f'}}
