LP_SEED {'values': array([0.99233094, 0.98640317, 0.97573463, 0.98735234, 0.991893  ,
       0.98612045, 0.99145205, 0.98734777, 0.98640317, 0.98640317,
       1.01209531, 0.98021515, 0.97268981, 0.97573097, 0.99145205,
       0.98149081, 0.98640317, 0.99324874, 0.98640317, 0.98082515,
       0.97088343, 0.99700036, 0.98149907, 0.98612045, 0.99519913,
       1.00704643, 0.98734777, 0.98858386, 1.00903573, 0.98927136,
       0.991893  , 1.01209531, 1.00616754, 1.00903573, 1.00616754,
       0.99145205, 0.97754791, 0.97268981, 0.98780076, 0.98149081]), 'selected': 10, 'elapsed_s': 21.92352139999275}
C:\Users\Ganyu\Documents\英语论文\_work\epsr_industrial_carbon_20260908\scripts\benchmark_clusters_v38.py:55: OptimizeWarning: Unrecognized options detected: {'threads': 1}. These will be passed to HiGHS verbatim.
  lp=linprog([0.]*self.groups+[1.],A_ub=matrix,b_ub=-a,bounds=[(0.,1.)]*self.groups+[(0.,None)],method='highs',options={'threads':1})
INITIAL_POLISH {'sweeps': 3, 'elapsed_s': 0.34596969999256544, 'upper': 1.0180343820670494}
C:\Users\Ganyu\Documents\英语论文\_work\epsr_industrial_carbon_20260908\scripts\benchmark_warm_v39.py:15: OptimizeWarning: Unrecognized options detected: {'threads': 1}. These will be passed to HiGHS verbatim.
  lp=linprog([0.]*self.groups+[1.],A_ub=np.column_stack([np.array(diff).T,-np.ones(3)]),b_ub=-constant,
SOLVE 2020-04-07 4 reuse True {'scenarios': [10], 'fixed_quota': False, 'status': 'optimal', 'value': 1.0122235569689049, 'bound': 1.0122235569689049, 'seconds': 0.23697729999548756, 'binaries': 1313, 'max_constraint_violation': 1.2193024367945782e-13, 'mip_nodes': 1, 'primal_start': {'supplied': True, 'max_constraint_violation': 2.710505431213761e-20, 'objective': 1.0180343821670494}}
SOLVE 2020-04-07 4 reuse True {'scenarios': [10, 36], 'fixed_quota': False, 'status': 'optimal', 'value': 1.0122235569689046, 'bound': 1.0122235569689046, 'seconds': 0.7611358999856748, 'binaries': 3377, 'max_constraint_violation': 2.220446049250313e-16, 'mip_nodes': 1, 'primal_start': {'supplied': True, 'max_constraint_violation': 2.710505431213761e-20, 'objective': 1.0180343821670494}}
SOLVE 2020-04-07 4 reuse True {'scenarios': [5], 'fixed_quota': True, 'status': 'optimal', 'value': 12.714119100407409, 'bound': 12.714119100407409, 'seconds': 0.4422220999840647, 'binaries': 2071, 'max_constraint_violation': 0.0, 'mip_nodes': 1, 'primal_start': {'supplied': False}}
C:\Users\Ganyu\Documents\英语论文\_work\epsr_industrial_carbon_20260908\tmp\evidence_runtime\numpy\_core\fromnumeric.py:83: RuntimeWarning: invalid value encountered in reduce
  return ufunc.reduce(obj, axis, dtype, out, **passkwargs)
SOLVE 2020-04-07 4 reuse True {'scenarios': [10, 36, 5], 'fixed_quota': False, 'status': 'optimal', 'value': 1.0122235569689046, 'bound': 1.0122235569689046, 'seconds': 6.50264839999727, 'binaries': 6442, 'max_constraint_violation': 0.0, 'mip_nodes': 1, 'primal_start': {'supplied': True, 'max_constraint_violation': 2.710505431213761e-20, 'objective': 1.0180343821670494}}
SOLVE 2020-04-07 4 reuse True {'scenarios': [27], 'fixed_quota': True, 'status': 'optimal', 'value': 12.714119100407409, 'bound': 12.714119100407409, 'seconds': 0.0660675999824889, 'binaries': 589, 'max_constraint_violation': 0.0, 'mip_nodes': 1, 'primal_start': {'supplied': False}}
SOLVE 2020-04-07 4 reuse True {'scenarios': [10, 36, 5, 27], 'fixed_quota': False, 'status': 'optimal', 'value': 1.0122235569689046, 'bound': 1.0122235569689042, 'seconds': 1.8201442999998108, 'binaries': 8049, 'max_constraint_violation': 2.220446049250313e-16, 'mip_nodes': 1, 'primal_start': {'supplied': True, 'max_constraint_violation': 2.710505431213761e-20, 'objective': 1.0180343821670494}}
SOLVE 2020-04-07 4 reuse True {'scenarios': [33], 'fixed_quota': True, 'status': 'optimal', 'value': 1.014183147519676, 'bound': 1.014183147519676, 'seconds': 1.6369700000213925, 'binaries': 921, 'max_constraint_violation': 2.220446049250313e-16, 'mip_nodes': 1, 'primal_start': {'supplied': False}}
SOLVE 2020-04-07 4 reuse True {'scenarios': [10, 36, 5, 27, 33], 'fixed_quota': False, 'status': 'optimal', 'value': 1.0122235569689046, 'bound': 1.0122235569689046, 'seconds': 6.786516300024232, 'binaries': 10178, 'max_constraint_violation': 1.1102230246251565e-15, 'mip_nodes': 1, 'primal_start': {'supplied': True, 'max_constraint_violation': 1.0842021724855044e-19, 'objective': 1.0141831476196759}}
FORMAL_RESULT {'status': 'optimal', 'objective': 1.0122235569689046, 'bound': 1.0122235569689049, 'all_scenario_witness_upper': 1.0122235569689046, 'date': '2020-04-07', 'regions': 4, 'parks': 24, 'scenarios': 40, 'method': 'reuse', 'elapsed_s': 42.10494160000235, 'MILP_calls': 8, 'LP_calls': 349, 'cache_hits': 361, 'initial_polish': {'sweeps': 3, 'elapsed_s': 0.34596969999256544, 'upper': 1.0180343820670494}, 'cells': 86604, 'implementation': 'v39b proposed: feasible primal start and incumbent cutoff', 'implementation_hashes': {'benchmark_warm_v39.py': '737bfca9046ff26fe92fc7426cd2ecebd56f1e418d10ba68f5ad4738568593c1', 'highs_start_v39.py': '6bad6108c09c0f25a48a2777646736fc790cad4cbf2cc65a8802670103da8b9f'}}
